Inputs: CONFIG=Config(model_name='baidu/Unlimited-OCR', out_dir=PosixPath('outputs/2026-07-26/000-unlimited-ocr-demo/001-moe-inspection'), sample_text='The quick brown fox jumps over the lazy dog.', target_moe_layer=1, num_experts=64, top_k=6, dtype=None)
[EnvironmentChecker] GPU: NVIDIA GeForce RTX 3090
[EnvironmentChecker] dtype: torch.bfloat16
Outputs: CONFIG.dtype=torch.bfloat16
[ModelLoader] Loading baidu/Unlimited-OCR ...
[ModelLoader] Model loaded
Outputs: tokenizer=LlamaTokenizerFast model=UnlimitedOCRForCausalLM
[ArchitectureSummary] Total layers: 12
[ArchitectureSummary] Dense layers: [0]
[ArchitectureSummary] MoE layers: [1, 2, 3, 4, 5, 6, 7, 8, 9, 10, 11]
[ArchitectureSummary] n_routed_experts: 64
[ArchitectureSummary] num_experts_per_tok: 6
[ArchitectureSummary] topk_method: greedy
[ArchitectureSummary] hidden_size: 1280
[ArchitectureSummary] first_k_dense_replace: 1
[ArchitectureSummary] Gate module: MoEGate()
[ArchitectureSummary] Gate weight shape: torch.Size([64, 1280])
[MoEInspector] Layer 1 routing: topk_idx=(11, 6) topk_weight=(11, 6)
[MoEInspector] Layer 2 routing: topk_idx=(11, 6) topk_weight=(11, 6)
[MoEInspector] Layer 3 routing: topk_idx=(11, 6) topk_weight=(11, 6)
[MoEInspector] Layer 4 routing: topk_idx=(11, 6) topk_weight=(11, 6)
[MoEInspector] Layer 5 routing: topk_idx=(11, 6) topk_weight=(11, 6)
[MoEInspector] Layer 6 routing: topk_idx=(11, 6) topk_weight=(11, 6)
[MoEInspector] Layer 7 routing: topk_idx=(11, 6) topk_weight=(11, 6)
[MoEInspector] Layer 8 routing: topk_idx=(11, 6) topk_weight=(11, 6)
[MoEInspector] Layer 9 routing: topk_idx=(11, 6) topk_weight=(11, 6)
[MoEInspector] Layer 10 routing: topk_idx=(11, 6) topk_weight=(11, 6)
[MoEInspector] Layer 11 routing: topk_idx=(11, 6) topk_weight=(11, 6)
[MoEInspector] Captured routing for 11 layers
Outputs: tokens=['<｜begin▁of▁sentence｜>', 'The', 'Ġquick', 'Ġbrown', 'Ġfox', 'Ġjumps', 'Ġover', 'Ġthe', 'Ġlazy', 'Ġdog', '.']
[Showcase] input_ids: tensor shape=(1, 11) dtype=torch.int64
[Showcase] Saved outputs/2026-07-26/000-unlimited-ocr-demo/001-moe-inspection/intermediate/00_input_tokens.json (468 bytes)
[Showcase] 00_input_tokens.json: 468 bytes of JSON
[InputTokenShowcase] input_ids shape=(1, 11)
Outputs: input_tokens keys=['sample_text', 'input_ids_shape', 'input_ids', 'tokens']
[Showcase] Saved outputs/2026-07-26/000-unlimited-ocr-demo/001-moe-inspection/intermediate/01_routing_shapes_all_layers.json (1500 bytes)
[Showcase] 01_routing_shapes_all_layers.json: 1500 bytes of JSON
[Showcase] topk_idx: tensor shape=(11, 6) dtype=torch.int64
[Showcase] topk_weight: tensor shape=(11, 6) dtype=torch.float32
[Showcase] 01_routing_table_layer1.csv: DataFrame shape=(11, 4) columns=['position', 'token', 'experts', 'weights']
[Showcase] Saved outputs/2026-07-26/000-unlimited-ocr-demo/001-moe-inspection/intermediate/01_routing_table_layer1.csv (985 bytes)
Outputs: routing_sample_df.shape=(11, 4)
[RoutingTable] Layer 1

                token                  experts                                          weights
<｜begin▁of▁sentence｜>  [0, 35, 46, 49, 62, 14]  [0.0097, 0.0213, 0.8058, 0.009, 0.0074, 0.0074]
                  The  [6, 44, 46, 55, 62, 42]  [0.041, 0.0304, 0.4505, 0.0379, 0.0988, 0.0253]
               Ġquick [17, 22, 44, 46, 59, 34] [0.8965, 0.0061, 0.0108, 0.0192, 0.0145, 0.0061]
               Ġbrown   [1, 34, 44, 56, 59, 2] [0.1361, 0.0789, 0.1838, 0.0366, 0.1955, 0.0329]
                 Ġfox   [2, 7, 21, 31, 56, 39] [0.1819, 0.0831, 0.0346, 0.0579, 0.1157, 0.0339]
               Ġjumps    [4, 5, 20, 27, 51, 7] [0.0674, 0.0683, 0.0671, 0.0592, 0.1906, 0.0451]
                Ġover  [2, 38, 41, 51, 52, 10] [0.0454, 0.1457, 0.1358, 0.2066, 0.1003, 0.0236]
                 Ġthe [15, 46, 52, 58, 62, 29]  [0.0441, 0.051, 0.0606, 0.0592, 0.1856, 0.0414]
                Ġlazy  [1, 17, 34, 56, 59, 44]   [0.0109, 0.886, 0.007, 0.0049, 0.0194, 0.0041]
                 Ġdog   [2, 7, 30, 31, 56, 11] [0.0566, 0.0843, 0.0564, 0.0751, 0.1063, 0.0455]
                    .  [0, 14, 23, 35, 42, 16] [0.1184, 0.2846, 0.1093, 0.0943, 0.0457, 0.0204]
[RoutingTable] Layer 2

                token                  experts                                          weights
<｜begin▁of▁sentence｜>  [0, 18, 38, 39, 43, 56] [0.0275, 0.3237, 0.0306, 0.0268, 0.0271, 0.0267]
                  The   [0, 6, 18, 22, 38, 36] [0.0444, 0.0466, 0.2936, 0.0762, 0.0333, 0.0326]
               Ġquick [21, 22, 31, 47, 61, 37] [0.1151, 0.1502, 0.0788, 0.0704, 0.1203, 0.0531]
               Ġbrown  [8, 16, 26, 31, 32, 35] [0.0904, 0.2919, 0.0991, 0.0911, 0.1529, 0.0318]
                 Ġfox  [3, 10, 37, 58, 62, 15] [0.0515, 0.0565, 0.1395, 0.0808, 0.1239, 0.0487]
               Ġjumps  [2, 10, 52, 58, 63, 31]  [0.0377, 0.044, 0.0554, 0.1045, 0.1644, 0.0363]
                Ġover  [2, 11, 24, 30, 54, 50]  [0.2249, 0.1847, 0.0385, 0.0499, 0.203, 0.0316]
                 Ġthe [25, 40, 42, 53, 54, 30]  [0.0768, 0.0334, 0.2992, 0.091, 0.0679, 0.0333]
                Ġlazy [21, 31, 42, 47, 61, 34]  [0.1315, 0.051, 0.0558, 0.0528, 0.0444, 0.0318]
                 Ġdog  [1, 21, 22, 38, 45, 58]   [0.0469, 0.0429, 0.0873, 0.054, 0.055, 0.0423]
                    .  [0, 13, 28, 36, 57, 14]  [0.143, 0.0524, 0.2251, 0.1015, 0.1154, 0.0491]
[RoutingTable] Layer 3

                token                  experts                                          weights
<｜begin▁of▁sentence｜> [34, 43, 50, 52, 56, 25] [0.0336, 0.0362, 0.0344, 0.0362, 0.0346, 0.0326]
                  The  [2, 16, 25, 34, 41, 20] [0.0473, 0.0429, 0.1074, 0.0446, 0.0682, 0.0413]
               Ġquick [27, 40, 59, 62, 63, 12]  [0.048, 0.1218, 0.0898, 0.0577, 0.0532, 0.0424]
               Ġbrown [27, 29, 30, 40, 59, 12]  [0.0405, 0.0918, 0.0432, 0.1421, 0.1453, 0.038]
                 Ġfox [12, 30, 47, 57, 63, 16]   [0.0796, 0.0982, 0.1175, 0.0518, 0.07, 0.0358]
               Ġjumps   [1, 4, 12, 60, 62, 15] [0.0446, 0.0421, 0.0516, 0.0841, 0.0811, 0.0401]
                Ġover  [4, 10, 34, 46, 58, 38] [0.1134, 0.0828, 0.0317, 0.0535, 0.4135, 0.0293]
                 Ġthe [10, 18, 34, 58, 59, 37]  [0.0584, 0.3232, 0.0459, 0.057, 0.0957, 0.0332]
                Ġlazy  [2, 18, 40, 59, 61, 60] [0.0537, 0.0725, 0.0582, 0.0882, 0.0358, 0.0331]
                 Ġdog  [2, 15, 16, 22, 25, 50]  [0.161, 0.0456, 0.0742, 0.0671, 0.0483, 0.0395]
                    .   [8, 20, 24, 39, 41, 9] [0.2123, 0.1619, 0.0603, 0.0898, 0.1053, 0.0591]
[RoutingTable] Layer 4

                token                  experts                                          weights
<｜begin▁of▁sentence｜> [17, 21, 23, 33, 38, 44]  [0.0239, 0.3022, 0.025, 0.0266, 0.0271, 0.0239]
                  The [21, 31, 35, 51, 59, 33] [0.1422, 0.0483, 0.0571, 0.0841, 0.0389, 0.0348]
               Ġquick  [7, 26, 48, 57, 61, 49]  [0.1231, 0.0688, 0.0482, 0.0541, 0.0616, 0.048]
               Ġbrown   [5, 7, 12, 22, 57, 13]   [0.05, 0.0466, 0.0515, 0.0742, 0.0402, 0.0395]
                 Ġfox  [3, 18, 35, 39, 46, 56]   [0.0921, 0.05, 0.0655, 0.1059, 0.0817, 0.0424]
               Ġjumps     [1, 3, 7, 8, 17, 25]  [0.0495, 0.068, 0.0407, 0.0398, 0.0411, 0.0364]
                Ġover  [1, 15, 24, 45, 47, 19] [0.0895, 0.0767, 0.1358, 0.0565, 0.1351, 0.0511]
                 Ġthe  [2, 24, 40, 47, 61, 31] [0.1174, 0.0907, 0.0398, 0.0632, 0.2474, 0.0362]
                Ġlazy  [3, 12, 31, 35, 57, 61]  [0.0533, 0.0566, 0.0603, 0.0976, 0.079, 0.0428]
                 Ġdog   [3, 6, 12, 35, 51, 23]   [0.0751, 0.0761, 0.0502, 0.16, 0.0492, 0.0375]
                    .  [4, 20, 32, 51, 59, 53]  [0.0483, 0.2164, 0.3863, 0.0881, 0.064, 0.0341]
[RoutingTable] Layer 5

                token                  experts                                          weights
<｜begin▁of▁sentence｜>  [5, 17, 50, 51, 55, 54] [0.0542, 0.0439, 0.0391, 0.0392, 0.0691, 0.0377]
                  The  [5, 23, 29, 36, 55, 54] [0.0733, 0.0498, 0.0554, 0.0424, 0.0358, 0.0353]
               Ġquick [13, 32, 34, 47, 51, 53]  [0.0979, 0.0512, 0.0492, 0.188, 0.0642, 0.0416]
               Ġbrown  [5, 10, 29, 34, 47, 51]   [0.0496, 0.0446, 0.0482, 0.053, 0.1325, 0.043]
                 Ġfox   [1, 3, 12, 33, 53, 10] [0.0703, 0.0798, 0.0746, 0.0641, 0.0933, 0.0604]
               Ġjumps   [0, 8, 16, 32, 38, 31] [0.0658, 0.0548, 0.0437, 0.0439, 0.0819, 0.0424]
                Ġover   [0, 6, 16, 20, 43, 60]    [0.045, 0.201, 0.041, 0.1011, 0.1952, 0.0329]
                 Ġthe  [6, 13, 20, 43, 53, 37]    [0.07, 0.1728, 0.0886, 0.1665, 0.0254, 0.025]
                Ġlazy  [8, 13, 29, 47, 57, 51]  [0.0564, 0.082, 0.0499, 0.1727, 0.0508, 0.0321]
                 Ġdog   [5, 8, 29, 33, 36, 23] [0.0735, 0.1007, 0.0663, 0.0431, 0.0738, 0.0406]
                    . [15, 25, 41, 44, 55, 40]  [0.2582, 0.0833, 0.155, 0.0529, 0.1154, 0.0507]
[RoutingTable] Layer 6

                token                  experts                                          weights
<｜begin▁of▁sentence｜>  [9, 20, 22, 47, 62, 56]   [0.0385, 0.0713, 0.0357, 0.04, 0.0712, 0.0303]
                  The  [22, 47, 56, 58, 62, 9]   [0.0387, 0.031, 0.0512, 0.0312, 0.189, 0.0302]
               Ġquick  [4, 12, 21, 28, 45, 52]  [0.2084, 0.0574, 0.0512, 0.141, 0.0965, 0.0459]
               Ġbrown  [4, 12, 28, 38, 45, 61]  [0.0796, 0.1023, 0.0473, 0.0443, 0.1551, 0.041]
                 Ġfox   [1, 6, 21, 26, 42, 63] [0.0825, 0.1464, 0.1049, 0.1048, 0.1358, 0.0423]
               Ġjumps  [5, 16, 35, 48, 55, 18] [0.0314, 0.0641, 0.2843, 0.0339, 0.0438, 0.0284]
                Ġover  [2, 15, 35, 39, 50, 16] [0.2301, 0.1547, 0.0476, 0.2427, 0.0458, 0.0292]
                 Ġthe  [2, 15, 39, 50, 52, 28]  [0.0756, 0.3112, 0.1013, 0.0424, 0.1691, 0.026]
                Ġlazy   [4, 7, 15, 28, 45, 53] [0.2065, 0.0485, 0.0769, 0.0687, 0.1567, 0.0331]
                 Ġdog  [5, 26, 29, 38, 42, 25] [0.1183, 0.1205, 0.0549, 0.0646, 0.0893, 0.0387]
                    . [22, 30, 33, 37, 41, 19]    [0.145, 0.2254, 0.1604, 0.112, 0.1556, 0.054]
[RoutingTable] Layer 7

                token                  experts                                          weights
<｜begin▁of▁sentence｜> [14, 28, 32, 42, 46, 55]   [0.066, 0.0411, 0.0382, 0.1047, 0.0461, 0.034]
                  The [14, 28, 42, 45, 46, 30]  [0.122, 0.0357, 0.0909, 0.0447, 0.1216, 0.0306]
               Ġquick  [11, 23, 30, 46, 56, 9] [0.5157, 0.1545, 0.0518, 0.0532, 0.0182, 0.0155]
               Ġbrown [11, 22, 23, 29, 30, 62]  [0.2004, 0.0305, 0.078, 0.0478, 0.1039, 0.0248]
                 Ġfox  [7, 30, 47, 51, 62, 63] [0.1837, 0.0513, 0.0562, 0.1167, 0.0623, 0.0466]
               Ġjumps  [9, 17, 26, 59, 61, 44] [0.0783, 0.0428, 0.1231, 0.0588, 0.0453, 0.0409]
                Ġover    [0, 1, 15, 48, 61, 5] [0.1684, 0.0982, 0.0571, 0.0985, 0.0502, 0.0456]
                 Ġthe  [5, 15, 24, 44, 48, 19]   [0.084, 0.0535, 0.091, 0.0515, 0.2299, 0.0449]
                Ġlazy   [5, 11, 23, 29, 48, 9] [0.0452, 0.3061, 0.2022, 0.0307, 0.0829, 0.0284]
                 Ġdog  [47, 54, 58, 62, 63, 7] [0.1588, 0.1024, 0.0599, 0.1201, 0.0854, 0.0474]
                    . [32, 33, 38, 45, 49, 28]  [0.2129, 0.1653, 0.078, 0.0728, 0.0914, 0.0527]
[RoutingTable] Layer 8

                token                  experts                                          weights
<｜begin▁of▁sentence｜> [22, 33, 37, 42, 62, 58]   [0.0548, 0.043, 0.0404, 0.034, 0.0639, 0.0337]
                  The  [7, 22, 33, 37, 58, 42]  [0.046, 0.0499, 0.0473, 0.0614, 0.0508, 0.0418]
               Ġquick [43, 47, 53, 54, 57, 55]  [0.058, 0.0917, 0.0811, 0.1377, 0.0993, 0.0329]
               Ġbrown [43, 46, 47, 50, 61, 15]  [0.3277, 0.0491, 0.0322, 0.055, 0.0689, 0.0243]
                 Ġfox [16, 21, 46, 50, 56, 52]  [0.1234, 0.0995, 0.1423, 0.0665, 0.0862, 0.043]
               Ġjumps  [5, 40, 53, 54, 56, 52]  [0.031, 0.0075, 0.0093, 0.8049, 0.0115, 0.0066]
                Ġover   [2, 27, 40, 41, 53, 9]   [0.1638, 0.07, 0.0773, 0.2347, 0.0504, 0.0435]
                 Ġthe  [2, 13, 27, 47, 53, 23]  [0.0623, 0.0439, 0.2098, 0.248, 0.0649, 0.0329]
                Ġlazy [13, 22, 43, 47, 53, 27]   [0.0766, 0.0526, 0.169, 0.0768, 0.0767, 0.037]
                 Ġdog  [5, 16, 50, 56, 62, 52] [0.0437, 0.3749, 0.0348, 0.0957, 0.0558, 0.0347]
                    . [24, 33, 36, 44, 58, 22] [0.0356, 0.1177, 0.0903, 0.1036, 0.3113, 0.0254]
[RoutingTable] Layer 9

                token                  experts                                          weights
<｜begin▁of▁sentence｜> [11, 12, 15, 20, 55, 30] [0.0248, 0.3433, 0.0215, 0.0292, 0.0231, 0.0209]
                  The [11, 12, 20, 38, 54, 55] [0.0388, 0.2959, 0.0463, 0.0316, 0.0298, 0.0256]
               Ġquick   [4, 5, 36, 53, 60, 51]  [0.2075, 0.0662, 0.1352, 0.1171, 0.119, 0.0617]
               Ġbrown   [4, 7, 51, 53, 60, 21] [0.0359, 0.0814, 0.3182, 0.0609, 0.0506, 0.0353]
                 Ġfox [16, 23, 46, 53, 57, 60] [0.1395, 0.2885, 0.0549, 0.0774, 0.0438, 0.0291]
               Ġjumps [42, 45, 48, 53, 60, 35] [0.1166, 0.1017, 0.0371, 0.0675, 0.0613, 0.0355]
                Ġover  [1, 15, 32, 35, 45, 28] [0.4013, 0.0343, 0.0777, 0.0656, 0.0382, 0.0297]
                 Ġthe    [5, 6, 28, 32, 36, 9] [0.3963, 0.0496, 0.0456, 0.0596, 0.2117, 0.0411]
                Ġlazy   [5, 7, 32, 51, 53, 60] [0.1324, 0.0419, 0.0503, 0.2976, 0.0926, 0.0326]
                 Ġdog  [24, 25, 47, 53, 58, 3] [0.1509, 0.0999, 0.0446, 0.0728, 0.2053, 0.0437]
                    .  [2, 26, 30, 32, 40, 33] [0.1095, 0.0612, 0.1591, 0.0597, 0.1689, 0.0387]
[RoutingTable] Layer 10

                token                  experts                                          weights
<｜begin▁of▁sentence｜> [27, 29, 32, 43, 56, 38] [0.0392, 0.0284, 0.2261, 0.0306, 0.0245, 0.0237]
                  The [27, 28, 32, 46, 56, 17]    [0.0419, 0.036, 0.2225, 0.0539, 0.08, 0.0324]
               Ġquick  [14, 33, 44, 48, 49, 0]   [0.324, 0.0598, 0.2983, 0.0991, 0.0315, 0.021]
               Ġbrown [14, 33, 44, 48, 49, 13]   [0.3805, 0.0318, 0.05, 0.1053, 0.0333, 0.0275]
                 Ġfox [30, 31, 48, 52, 61, 25]  [0.5381, 0.0354, 0.047, 0.1596, 0.0577, 0.0233]
               Ġjumps   [2, 25, 42, 49, 54, 9]  [0.0422, 0.0456, 0.1239, 0.0532, 0.315, 0.0375]
                Ġover    [1, 2, 9, 57, 59, 53]  [0.2239, 0.1529, 0.065, 0.0502, 0.0534, 0.0411]
                 Ġthe  [5, 33, 53, 57, 58, 13] [0.0444, 0.3302, 0.0895, 0.0457, 0.0729, 0.0438]
                Ġlazy [13, 33, 44, 48, 58, 14] [0.0506, 0.2597, 0.0621, 0.0602, 0.0619, 0.0498]
                 Ġdog  [8, 25, 35, 38, 40, 44] [0.1239, 0.1327, 0.1032, 0.1086, 0.1075, 0.0414]
                    . [17, 29, 32, 40, 43, 36]  [0.0746, 0.2196, 0.0378, 0.0694, 0.044, 0.0339]
[RoutingTable] Layer 11

                token                  experts                                          weights
<｜begin▁of▁sentence｜>   [6, 9, 17, 20, 30, 32] [0.0065, 0.0057, 0.0096, 0.8492, 0.0074, 0.0051]
                  The  [9, 17, 20, 54, 55, 63]  [0.0392, 0.089, 0.1941, 0.0997, 0.0425, 0.0353]
               Ġquick  [0, 28, 41, 49, 52, 32] [0.2042, 0.0843, 0.1342, 0.0459, 0.1323, 0.0395]
               Ġbrown   [0, 25, 28, 41, 52, 8] [0.1086, 0.0322, 0.0544, 0.0556, 0.2061, 0.0299]
                 Ġfox  [0, 14, 37, 47, 59, 45]  [0.0633, 0.1595, 0.057, 0.2756, 0.0809, 0.0545]
               Ġjumps   [0, 7, 31, 52, 58, 50] [0.0642, 0.2694, 0.2114, 0.0717, 0.0321, 0.0279]
                Ġover [25, 28, 31, 41, 52, 49]  [0.0222, 0.0195, 0.658, 0.0296, 0.0901, 0.0151]
                 Ġthe [25, 28, 41, 52, 61, 26] [0.0214, 0.0984, 0.0457, 0.2023, 0.3694, 0.0209]
                Ġlazy  [0, 28, 41, 52, 61, 48]  [0.136, 0.0864, 0.0689, 0.0962, 0.0405, 0.0396]
                 Ġdog   [0, 24, 39, 43, 50, 9] [0.0434, 0.1675, 0.3342, 0.0743, 0.0582, 0.0335]
                    .  [9, 30, 34, 52, 60, 44] [0.2898, 0.0624, 0.0612, 0.0866, 0.0433, 0.0333]
[GateScorePlot] Saved outputs/2026-07-26/000-unlimited-ocr-demo/001-moe-inspection/01_gate_scores.png
Outputs: gate_scores.shape=(11, 64) path=outputs/2026-07-26/000-unlimited-ocr-demo/001-moe-inspection/01_gate_scores.png
[Showcase] hidden_state: tensor shape=(1, 11, 1280) dtype=torch.bfloat16
[Showcase] Saved outputs/2026-07-26/000-unlimited-ocr-demo/001-moe-inspection/intermediate/02_hidden_state_summary.json (194 bytes)
[Showcase] 02_hidden_state_summary.json: 194 bytes of JSON
[Showcase] Saved outputs/2026-07-26/000-unlimited-ocr-demo/001-moe-inspection/intermediate/02_hidden_state_heatmap.png (104827 bytes)
[Showcase] gate_scores: ndarray shape=(11, 64) dtype=float32
[Showcase] 02_gate_scores.csv: DataFrame shape=(11, 64) columns=['E0', 'E1', 'E2', 'E3', 'E4', 'E5', 'E6', 'E7', 'E8', 'E9', 'E10', 'E11', 'E12', 'E13', 'E14', 'E15', 'E16', 'E17', 'E18', 'E19', 'E20', 'E21', 'E22', 'E23', 'E24', 'E25', 'E26', 'E27', 'E28', 'E29', 'E30', 'E31', 'E32', 'E33', 'E34', 'E35', 'E36', 'E37', 'E38', 'E39', 'E40', 'E41', 'E42', 'E43', 'E44', 'E45', 'E46', 'E47', 'E48', 'E49', 'E50', 'E51', 'E52', 'E53', 'E54', 'E55', 'E56', 'E57', 'E58', 'E59', 'E60', 'E61', 'E62', 'E63']
[Showcase] Saved outputs/2026-07-26/000-unlimited-ocr-demo/001-moe-inspection/intermediate/02_gate_scores.csv (6501 bytes)
[Showcase] 02_gate_scores_top5.csv: DataFrame shape=(11, 3) columns=['token_position', 'top5_experts', 'top5_scores']
[Showcase] Saved outputs/2026-07-26/000-unlimited-ocr-demo/001-moe-inspection/intermediate/02_gate_scores_top5.csv (772 bytes)
[GateIntermediateShowcase] hidden=(1, 11, 1280) scores=(11, 64)
Outputs: hidden state and gate score intermediates saved
[TopKSelectionPlot] Saved outputs/2026-07-26/000-unlimited-ocr-demo/001-moe-inspection/02_topk_selections.png
Outputs: topk_matrix.shape=(11, 64) path=outputs/2026-07-26/000-unlimited-ocr-demo/001-moe-inspection/02_topk_selections.png
[Showcase] topk_matrix: ndarray shape=(11, 64) dtype=int64
[Showcase] Saved outputs/2026-07-26/000-unlimited-ocr-demo/001-moe-inspection/intermediate/03_topk_selection_matrix.csv
[ExpertLoadPlot] Saved outputs/2026-07-26/000-unlimited-ocr-demo/001-moe-inspection/03_expert_load.png
Outputs: expert_load.shape=(11, 64) path=outputs/2026-07-26/000-unlimited-ocr-demo/001-moe-inspection/03_expert_load.png
[Showcase] expert_load: ndarray shape=(11, 64) dtype=float64
[Showcase] Saved outputs/2026-07-26/000-unlimited-ocr-demo/001-moe-inspection/intermediate/04_expert_load.csv
[AggregateUsagePlot] Saved outputs/2026-07-26/000-unlimited-ocr-demo/001-moe-inspection/04_aggregate_usage.png
Outputs: aggregate_path=outputs/2026-07-26/000-unlimited-ocr-demo/001-moe-inspection/04_aggregate_usage.png
[Showcase] 05_aggregate_usage.csv: DataFrame shape=(64, 3) columns=['expert', 'usage', 'expert_label']
[Showcase] Saved outputs/2026-07-26/000-unlimited-ocr-demo/001-moe-inspection/intermediate/05_aggregate_usage.csv (892 bytes)
[Validation] Found outputs/2026-07-26/000-unlimited-ocr-demo/001-moe-inspection/01_gate_scores.png
[Validation] Found outputs/2026-07-26/000-unlimited-ocr-demo/001-moe-inspection/02_topk_selections.png
[Validation] Found outputs/2026-07-26/000-unlimited-ocr-demo/001-moe-inspection/03_expert_load.png
[Validation] Found outputs/2026-07-26/000-unlimited-ocr-demo/001-moe-inspection/04_aggregate_usage.png
[Validation] All four PNGs exist
[Validation] Found intermediate outputs/2026-07-26/000-unlimited-ocr-demo/001-moe-inspection/intermediate/00_input_tokens.json
[Validation] Found intermediate outputs/2026-07-26/000-unlimited-ocr-demo/001-moe-inspection/intermediate/01_routing_shapes_all_layers.json
[Validation] Found intermediate outputs/2026-07-26/000-unlimited-ocr-demo/001-moe-inspection/intermediate/01_routing_table_layer1.csv
[Validation] Found intermediate outputs/2026-07-26/000-unlimited-ocr-demo/001-moe-inspection/intermediate/02_hidden_state_summary.json
[Validation] Found intermediate outputs/2026-07-26/000-unlimited-ocr-demo/001-moe-inspection/intermediate/02_hidden_state_heatmap.png
[Validation] Found intermediate outputs/2026-07-26/000-unlimited-ocr-demo/001-moe-inspection/intermediate/02_gate_scores.csv
[Validation] Found intermediate outputs/2026-07-26/000-unlimited-ocr-demo/001-moe-inspection/intermediate/02_gate_scores_top5.csv
[Validation] Found intermediate outputs/2026-07-26/000-unlimited-ocr-demo/001-moe-inspection/intermediate/03_topk_selection_matrix.csv
[Validation] Found intermediate outputs/2026-07-26/000-unlimited-ocr-demo/001-moe-inspection/intermediate/04_expert_load.csv
[Validation] Found intermediate outputs/2026-07-26/000-unlimited-ocr-demo/001-moe-inspection/intermediate/05_aggregate_usage.csv
[Validation] All intermediate artifacts exist and are non-empty

Cheat sheet
MoE: each token is routed to a small subset of 64 expert feed-forward networks.
Dense layer: layers[0].mlp is a DeepseekV2MLP (one FFN used by every token).
MoE layers: layers[1..11].mlp are DeepseekV2MoE (64 experts, top-6 per token).
Routing module: layer.mlp.gate (type MoEGate) returns topk_idx, topk_weight, aux_loss.
Gate score distribution: softmax over all 64 experts computed per token in the target layer.
